interactions:
- request:
    body: null
    headers:
      Accept:
      - application/json
      Accept-Encoding:
      - gzip, deflate
      Connection:
      - keep-alive
      User-Agent:
      - python-requests/2.26.0
    method: GET
    uri: http://localhost:19120/api/v1/trees/tree
  response:
    body:
      string: "{\n  \"type\" : \"BRANCH\",\n  \"name\" : \"main\",\n  \"hash\" : \"2e1cfa82b035c26cbbbdae632cea070514eb8b773f616aaeaf668e2f0be8f10d\"\n}"
    headers:
      Content-Type:
      - application/json
      content-length:
      - '121'
    status:
      code: 200
      message: OK
- request:
    body: null
    headers:
      Accept:
      - application/json
      Accept-Encoding:
      - gzip, deflate
      Connection:
      - keep-alive
      User-Agent:
      - python-requests/2.26.0
    method: GET
    uri: http://localhost:19120/api/v1/trees/tree/main
  response:
    body:
      string: "{\n  \"type\" : \"BRANCH\",\n  \"name\" : \"main\",\n  \"hash\" : \"2e1cfa82b035c26cbbbdae632cea070514eb8b773f616aaeaf668e2f0be8f10d\"\n}"
    headers:
      Content-Type:
      - application/json
      content-length:
      - '121'
    status:
      code: 200
      message: OK
- request:
    body: '{"name": "contents_commit_delete_dev", "hash": "2e1cfa82b035c26cbbbdae632cea070514eb8b773f616aaeaf668e2f0be8f10d",
      "type": "BRANCH"}'
    headers:
      Accept:
      - '*/*'
      Accept-Encoding:
      - gzip, deflate
      Connection:
      - keep-alive
      Content-Length:
      - '132'
      Content-Type:
      - application/json
      User-Agent:
      - python-requests/2.26.0
    method: POST
    uri: http://localhost:19120/api/v1/trees/tree?sourceRefName=main
  response:
    body:
      string: "{\n  \"type\" : \"BRANCH\",\n  \"name\" : \"contents_commit_delete_dev\",\n
        \ \"hash\" : \"2e1cfa82b035c26cbbbdae632cea070514eb8b773f616aaeaf668e2f0be8f10d\"\n}"
    headers:
      Content-Type:
      - application/json
      content-length:
      - '143'
    status:
      code: 200
      message: OK
- request:
    body: null
    headers:
      Accept:
      - application/json
      Accept-Encoding:
      - gzip, deflate
      Connection:
      - keep-alive
      User-Agent:
      - python-requests/2.26.0
    method: GET
    uri: http://localhost:19120/api/v1/trees
  response:
    body:
      string: "{\n  \"token\" : null,\n  \"references\" : [ {\n    \"type\" : \"BRANCH\",\n
        \   \"name\" : \"main\",\n    \"hash\" : \"2e1cfa82b035c26cbbbdae632cea070514eb8b773f616aaeaf668e2f0be8f10d\"\n
        \ }, {\n    \"type\" : \"BRANCH\",\n    \"name\" : \"contents_commit_delete_dev\",\n
        \   \"hash\" : \"2e1cfa82b035c26cbbbdae632cea070514eb8b773f616aaeaf668e2f0be8f10d\"\n
        \ } ],\n  \"hasMore\" : false\n}"
    headers:
      Content-Type:
      - application/json
      content-length:
      - '346'
    status:
      code: 200
      message: OK
- request:
    body: null
    headers:
      Accept:
      - application/json
      Accept-Encoding:
      - gzip, deflate
      Connection:
      - keep-alive
      User-Agent:
      - python-requests/2.26.0
    method: GET
    uri: http://localhost:19120/api/v1/contents/this.is.iceberg.foo?ref=contents_commit_delete_dev
  response:
    body:
      string: "{\n  \"status\" : 404,\n  \"reason\" : \"Not Found\",\n  \"message\"
        : \"Could not find content for key 'this.is.iceberg.foo' in reference 'contents_commit_delete_dev'.\",\n
        \ \"errorCode\" : \"CONTENT_NOT_FOUND\",\n  \"serverStackTrace\" : null\n}"
    headers:
      Content-Type:
      - application/json
      content-length:
      - '225'
    status:
      code: 404
      message: Not Found
- request:
    body: '{"commitMeta": {"committer": null, "hash": null, "commitTime": null, "authorTime":
      null, "signedOffBy": null, "properties": null, "message": "test message", "author":
      "nessie test"}, "operations": [{"key": {"elements": ["this", "is", "iceberg",
      "foo"]}, "expectedContent": null, "content": {"id": "test_contents_delete",
      "metadataLocation": "/a/b/c", "idGenerators": "xyz", "type": "ICEBERG_TABLE"},
      "type": "PUT"}]}'
    headers:
      Accept:
      - '*/*'
      Accept-Encoding:
      - gzip, deflate
      Connection:
      - keep-alive
      Content-Length:
      - '416'
      Content-Type:
      - application/json
      User-Agent:
      - python-requests/2.26.0
    method: POST
    uri: http://localhost:19120/api/v1/trees/branch/contents_commit_delete_dev/commit?expectedHash=2e1cfa82b035c26cbbbdae632cea070514eb8b773f616aaeaf668e2f0be8f10d
  response:
    body:
      string: "{\n  \"type\" : \"BRANCH\",\n  \"name\" : \"contents_commit_delete_dev\",\n
        \ \"hash\" : \"91781f51edfe6b4c7341deb7e567023655166e93d5f7b6e394dd645a55fd33d9\"\n}"
    headers:
      Content-Type:
      - application/json
      content-length:
      - '143'
    status:
      code: 200
      message: OK
- request:
    body: null
    headers:
      Accept:
      - application/json
      Accept-Encoding:
      - gzip, deflate
      Connection:
      - keep-alive
      User-Agent:
      - python-requests/2.26.0
    method: GET
    uri: http://localhost:19120/api/v1/trees/tree/contents_commit_delete_dev/entries?query_expression=entry.contentType+in+%5B%27ICEBERG_TABLE%27%5D
  response:
    body:
      string: "{\n  \"token\" : null,\n  \"entries\" : [ {\n    \"type\" : \"ICEBERG_TABLE\",\n
        \   \"name\" : {\n      \"elements\" : [ \"this\", \"is\", \"iceberg\", \"foo\"
        ]\n    }\n  } ],\n  \"hasMore\" : false\n}"
    headers:
      Content-Type:
      - application/json
      content-length:
      - '171'
    status:
      code: 200
      message: OK
- request:
    body: null
    headers:
      Accept:
      - application/json
      Accept-Encoding:
      - gzip, deflate
      Connection:
      - keep-alive
      User-Agent:
      - python-requests/2.26.0
    method: GET
    uri: http://localhost:19120/api/v1/trees
  response:
    body:
      string: "{\n  \"token\" : null,\n  \"references\" : [ {\n    \"type\" : \"BRANCH\",\n
        \   \"name\" : \"main\",\n    \"hash\" : \"2e1cfa82b035c26cbbbdae632cea070514eb8b773f616aaeaf668e2f0be8f10d\"\n
        \ }, {\n    \"type\" : \"BRANCH\",\n    \"name\" : \"contents_commit_delete_dev\",\n
        \   \"hash\" : \"91781f51edfe6b4c7341deb7e567023655166e93d5f7b6e394dd645a55fd33d9\"\n
        \ } ],\n  \"hasMore\" : false\n}"
    headers:
      Content-Type:
      - application/json
      content-length:
      - '346'
    status:
      code: 200
      message: OK
- request:
    body: '{"commitMeta": {"committer": null, "hash": null, "commitTime": null, "authorTime":
      null, "signedOffBy": null, "properties": null, "message": "delete test table",
      "author": null}, "operations": [{"key": {"elements": ["this", "is", "iceberg",
      "foo"]}, "type": "DELETE"}]}'
    headers:
      Accept:
      - '*/*'
      Accept-Encoding:
      - gzip, deflate
      Connection:
      - keep-alive
      Content-Length:
      - '269'
      Content-Type:
      - application/json
      User-Agent:
      - python-requests/2.26.0
    method: POST
    uri: http://localhost:19120/api/v1/trees/branch/contents_commit_delete_dev/commit?expectedHash=91781f51edfe6b4c7341deb7e567023655166e93d5f7b6e394dd645a55fd33d9
  response:
    body:
      string: "{\n  \"type\" : \"BRANCH\",\n  \"name\" : \"contents_commit_delete_dev\",\n
        \ \"hash\" : \"ce674258432f072882b0758a905855cc5f931e6eda206dafe226a5192273cbff\"\n}"
    headers:
      Content-Type:
      - application/json
      content-length:
      - '143'
    status:
      code: 200
      message: OK
- request:
    body: null
    headers:
      Accept:
      - application/json
      Accept-Encoding:
      - gzip, deflate
      Connection:
      - keep-alive
      User-Agent:
      - python-requests/2.26.0
    method: GET
    uri: http://localhost:19120/api/v1/trees/tree/contents_commit_delete_dev/entries?query_expression=entry.contentType+in+%5B%27ICEBERG_TABLE%27%5D
  response:
    body:
      string: "{\n  \"token\" : null,\n  \"entries\" : [ ],\n  \"hasMore\" : false\n}"
    headers:
      Content-Type:
      - application/json
      content-length:
      - '60'
    status:
      code: 200
      message: OK
version: 1
